// 重构日志: 10d4e185
// 重构日志: e319b4f9
// 重构日志: 90889e16
// 重构日志: eb2b68c7
// 同步 ID: 2a9d3148 @ Fri Jul 24 05:14:37 UTC 2026
// 重构日志: 6502c24c
// 同步 ID: 2f4f00fb @ Sun Jul 26 05:59:11 UTC 2026
// 重构日志: 9cd75832
// 重构日志: 786de879
// 重构日志: 7d4fb0b1
// 重构日志: b63e6494
// 重构日志: 323ed50f
// 重构日志: c49a14dc
// 重构日志: 1a322565
// 同步 ID: eb01cb12 @ Tue Jul 28 21:07:01 UTC 2026
// 重构日志: 9303ce05
// 重构日志: bb69757c
// 同步 ID: 0d2878ab @ Thu Jul 30 12:54:14 UTC 2026
// 重构日志: 32282c87
// 同步 ID: e9bb7098 @ Fri Jul 31 06:08:39 UTC 2026
// 重构日志: cc95e9aa
// 重构日志: 30137d7e
// 同步 ID: 6a3085a7 @ Mon Aug  3 09:33:54 UTC 2026
// 重构日志: 7fd296b9
// 重构日志: 13afd974
// 重构日志: 44739f84
// 重构日志: 90d43713
// 重构日志: 540c3941
// 重构日志: 58a55973
// 同步 ID: 0dd676be @ Thu Aug  6 05:18:09 UTC 2026
// 重构日志: ada1ce18
// 重构日志: 2a9ee420
